Starting…
Running 'Verilator.Lint' at 'runs/sdc_falsepath_fix/01-verilator-lint'…
Logging subprocess to [repr.filename]'runs/sdc_falsepath_fix/01-verilator-lint/verilator-lint.log'[/repr.filename]…
Running 'Checker.LintTimingConstructs' at 'runs/sdc_falsepath_fix/02-checker-linttimingconstructs'…
Check for Lint Timing Errors clear.
Running 'Checker.LintErrors' at 'runs/sdc_falsepath_fix/03-checker-linterrors'…
Check for Lint errors clear.
Running 'Checker.LintWarnings' at 'runs/sdc_falsepath_fix/04-checker-lintwarnings'…
397 Lint warnings found.
Running 'Yosys.JsonHeader' at 'runs/sdc_falsepath_fix/05-yosys-jsonheader'…
Logging subprocess to [repr.filename]'runs/sdc_falsepath_fix/05-yosys-jsonheader/yosys-jsonheader.log'[/repr.filename]…
Running 'Yosys.Synthesis' at 'runs/sdc_falsepath_fix/06-yosys-synthesis'…
Logging subprocess to [repr.filename]'runs/sdc_falsepath_fix/06-yosys-synthesis/yosys-synthesis.log'[/repr.filename]…
Parsing synthesis checks…
Running 'Checker.NetlistAssignStatements' at 'runs/sdc_falsepath_fix/07-checker-netlistassignstatements'…
Running 'OpenROAD.CheckSDCFiles' at 'runs/sdc_falsepath_fix/08-openroad-checksdcfiles'…
Running 'OpenROAD.CheckMacroInstances' at 'runs/sdc_falsepath_fix/09-openroad-checkmacroinstances'…
Logging subprocess to [repr.filename]'runs/sdc_falsepath_fix/09-openroad-checkmacroinstances/openroad-checkmacroinstances.log'[/repr.filename]…
Running 'OpenROAD.STAPrePNR' at 'runs/sdc_falsepath_fix/10-openroad-staprepnr'…
Starting STA for the nom_tt_025C_3v30 timing corner…
Starting STA for the min_ff_n40C_3v60 timing corner…
Starting STA for the max_ss_125C_3v00 timing corner…
Logging subprocess to [repr.filename]'runs/sdc_falsepath_fix/10-openroad-staprepnr/nom_tt_025C_3v30/sta.log'[/repr.filename]…
Logging subprocess to [repr.filename]'runs/sdc_falsepath_fix/10-openroad-staprepnr/min_ff_n40C_3v60/sta.log'[/repr.filename]…
Logging subprocess to [repr.filename]'runs/sdc_falsepath_fix/10-openroad-staprepnr/max_ss_125C_3v00/sta.log'[/repr.filename]…
Finished STA for the min_ff_n40C_3v60 timing corner.
Finished STA for the nom_tt_025C_3v30 timing corner.
Finished STA for the max_ss_125C_3v00 timing corner.
Running 'OpenROAD.Floorplan' at 'runs/sdc_falsepath_fix/11-openroad-floorplan'…
Logging subprocess to [repr.filename]'runs/sdc_falsepath_fix/11-openroad-floorplan/openroad-floorplan.log'[/repr.filename]…
Running 'OpenROAD.DumpRCValues' at 'runs/sdc_falsepath_fix/12-openroad-dumprcvalues'…
Logging subprocess to [repr.filename]'runs/sdc_falsepath_fix/12-openroad-dumprcvalues/openroad-dumprcvalues.log'[/repr.filename]…
Running 'Odb.CheckMacroAntennaProperties' at 'runs/sdc_falsepath_fix/13-odb-checkmacroantennaproperties'…
Logging subprocess to [repr.filename]'runs/sdc_falsepath_fix/13-odb-checkmacroantennaproperties/odb-checkmacroantennaproperties.log'[/repr.filename]…
Cell 'gf180mcu_ocd_ip_sram__sram1024x8m8wm1' has (11) input pin(s) without antenna gate information. They might not be connected to a gate.
Running 'Odb.SetPowerConnections' at 'runs/sdc_falsepath_fix/14-odb-setpowerconnections'…
Logging subprocess to [repr.filename]'runs/sdc_falsepath_fix/14-odb-setpowerconnections/odb-setpowerconnections.log'[/repr.filename]…
Macros inside hierarchical netlists are not currently supported in LibreLane: skipping submodule 'u_grouper_soc_top.gen_gpio_sync[0].u_gpio_sync' of type 'sync$grouper_soc_chip_core.u_grouper_soc_top.gen_gpio_sync[0].u_gpio_sync'.
Macros inside hierarchical netlists are not currently supported in LibreLane: skipping submodule 'u_grouper_soc_top.gen_gpio_sync[10].u_gpio_sync' of type 'sync$grouper_soc_chip_core.u_grouper_soc_top.gen_gpio_sync[10].u_gpio_sync'.
Macros inside hierarchical netlists are not currently supported in LibreLane: skipping submodule 'u_grouper_soc_top.gen_gpio_sync[11].u_gpio_sync' of type 'sync$grouper_soc_chip_core.u_grouper_soc_top.gen_gpio_sync[11].u_gpio_sync'.
Macros inside hierarchical netlists are not currently supported in LibreLane: skipping submodule 'u_grouper_soc_top.gen_gpio_sync[12].u_gpio_sync' of type 'sync$grouper_soc_chip_core.u_grouper_soc_top.gen_gpio_sync[12].u_gpio_sync'.
Macros inside hierarchical netlists are not currently supported in LibreLane: skipping submodule 'u_grouper_soc_top.gen_gpio_sync[13].u_gpio_sync' of type 'sync$grouper_soc_chip_core.u_grouper_soc_top.gen_gpio_sync[13].u_gpio_sync'.
Macros inside hierarchical netlists are not currently supported in LibreLane: skipping submodule 'u_grouper_soc_top.gen_gpio_sync[14].u_gpio_sync' of type 'sync$grouper_soc_chip_core.u_grouper_soc_top.gen_gpio_sync[14].u_gpio_sync'.
Macros inside hierarchical netlists are not currently supported in LibreLane: skipping submodule 'u_grouper_soc_top.gen_gpio_sync[15].u_gpio_sync' of type 'sync$grouper_soc_chip_core.u_grouper_soc_top.gen_gpio_sync[15].u_gpio_sync'.
Macros inside hierarchical netlists are not currently supported in LibreLane: skipping submodule 'u_grouper_soc_top.gen_gpio_sync[1].u_gpio_sync' of type 'sync$grouper_soc_chip_core.u_grouper_soc_top.gen_gpio_sync[1].u_gpio_sync'.
Macros inside hierarchical netlists are not currently supported in LibreLane: skipping submodule 'u_grouper_soc_top.gen_gpio_sync[2].u_gpio_sync' of type 'sync$grouper_soc_chip_core.u_grouper_soc_top.gen_gpio_sync[2].u_gpio_sync'.
Macros inside hierarchical netlists are not currently supported in LibreLane: skipping submodule 'u_grouper_soc_top.gen_gpio_sync[3].u_gpio_sync' of type 'sync$grouper_soc_chip_core.u_grouper_soc_top.gen_gpio_sync[3].u_gpio_sync'.
Macros inside hierarchical netlists are not currently supported in LibreLane: skipping submodule 'u_grouper_soc_top.gen_gpio_sync[4].u_gpio_sync' of type 'sync$grouper_soc_chip_core.u_grouper_soc_top.gen_gpio_sync[4].u_gpio_sync'.
Macros inside hierarchical netlists are not currently supported in LibreLane: skipping submodule 'u_grouper_soc_top.gen_gpio_sync[5].u_gpio_sync' of type 'sync$grouper_soc_chip_core.u_grouper_soc_top.gen_gpio_sync[5].u_gpio_sync'.
Macros inside hierarchical netlists are not currently supported in LibreLane: skipping submodule 'u_grouper_soc_top.gen_gpio_sync[6].u_gpio_sync' of type 'sync$grouper_soc_chip_core.u_grouper_soc_top.gen_gpio_sync[6].u_gpio_sync'.
Macros inside hierarchical netlists are not currently supported in LibreLane: skipping submodule 'u_grouper_soc_top.gen_gpio_sync[7].u_gpio_sync' of type 'sync$grouper_soc_chip_core.u_grouper_soc_top.gen_gpio_sync[7].u_gpio_sync'.
Macros inside hierarchical netlists are not currently supported in LibreLane: skipping submodule 'u_grouper_soc_top.gen_gpio_sync[8].u_gpio_sync' of type 'sync$grouper_soc_chip_core.u_grouper_soc_top.gen_gpio_sync[8].u_gpio_sync'.
Macros inside hierarchical netlists are not currently supported in LibreLane: skipping submodule 'u_grouper_soc_top.gen_gpio_sync[9].u_gpio_sync' of type 'sync$grouper_soc_chip_core.u_grouper_soc_top.gen_gpio_sync[9].u_gpio_sync'.
Macros inside hierarchical netlists are not currently supported in LibreLane: skipping submodule 'u_grouper_soc_top.u_grouper_soc_dig_ss.u_periph_ss.u_uart.u_uart.u_uart_rx.u_sync' of type 'sync$grouper_soc_chip_core.u_grouper_soc_top.u_grouper_soc_dig_ss.u_periph_ss.u_uart.u_uart.u_uart_rx.u_sync'.
Macros inside hierarchical netlists are not currently supported in LibreLane: skipping submodule 'u_grouper_soc_top.u_rst_resync_sync' of type 'sync$grouper_soc_chip_core.u_grouper_soc_top.u_rst_resync_sync'.
Running 'Odb.ManualMacroPlacement' at 'runs/sdc_falsepath_fix/15-odb-manualmacroplacement'…
Logging subprocess to [repr.filename]'runs/sdc_falsepath_fix/15-odb-manualmacroplacement/odb-manualmacroplacement.log'[/repr.filename]…
Running 'OpenROAD.CutRows' at 'runs/sdc_falsepath_fix/16-openroad-cutrows'…
Logging subprocess to [repr.filename]'runs/sdc_falsepath_fix/16-openroad-cutrows/openroad-cutrows.log'[/repr.filename]…
Running 'OpenROAD.TapEndcapInsertion' at 'runs/sdc_falsepath_fix/17-openroad-tapendcapinsertion'…
Logging subprocess to [repr.filename]'runs/sdc_falsepath_fix/17-openroad-tapendcapinsertion/openroad-tapendcapinsertion.log'[/repr.filename]…
Running 'Odb.AddPDNObstructions' at 'runs/sdc_falsepath_fix/18-odb-addpdnobstructions'…
'PDN_OBSTRUCTIONS' is not defined. Skipping 'Odb.AddPDNObstructions'…
Running 'OpenROAD.GeneratePDN' at 'runs/sdc_falsepath_fix/19-openroad-generatepdn'…
Logging subprocess to [repr.filename]'runs/sdc_falsepath_fix/19-openroad-generatepdn/openroad-generatepdn.log'[/repr.filename]…
[PDN-0110] No via inserted between Metal3 and Metal4 at (200.7600, 202.8000) - (205.8000, 203.0000) on VDD
[PDN-0110] No via inserted between Metal3 and Metal4 at (561.4000, 202.8000) - (566.4400, 203.0000) on VDD
[PDN-0110] No via inserted between Metal3 and Metal4 at (922.0400, 202.8000) - (927.0800, 203.0000) on VDD
Running 'Odb.RemovePDNObstructions' at 'runs/sdc_falsepath_fix/20-odb-removepdnobstructions'…
'PDN_OBSTRUCTIONS' is not defined. Skipping 'Odb.RemovePDNObstructions'…
Running 'Odb.AddRoutingObstructions' at 'runs/sdc_falsepath_fix/21-odb-addroutingobstructions'…
Logging subprocess to [repr.filename]'runs/sdc_falsepath_fix/21-odb-addroutingobstructions/odb-addroutingobstructions.log'[/repr.filename]…
Running 'OpenROAD.GlobalPlacementSkipIO' at 'runs/sdc_falsepath_fix/22-openroad-globalplacementskipio'…
I/O pins to be placed from /foss/runs/pnr-5357/grouper/librelane/classic/pin_order.cfg. Returning state unaltered…
Running 'OpenROAD.IOPlacement' at 'runs/sdc_falsepath_fix/23-openroad-ioplacement'…
IO_PIN_ORDER_CFG is set. Skipping 'OpenROAD.IOPlacement'…
Running 'Odb.CustomIOPlacement' at 'runs/sdc_falsepath_fix/24-odb-customioplacement'…
Logging subprocess to [repr.filename]'runs/sdc_falsepath_fix/24-odb-customioplacement/odb-customioplacement.log'[/repr.filename]…
Running 'Odb.ApplyDEFTemplate' at 'runs/sdc_falsepath_fix/25-odb-applydeftemplate'…
No DEF template provided, skipping 'Odb.ApplyDEFTemplate'…
Running 'OpenROAD.GlobalPlacement' at 'runs/sdc_falsepath_fix/26-openroad-globalplacement'…
Logging subprocess to [repr.filename]'runs/sdc_falsepath_fix/26-openroad-globalplacement/openroad-globalplacement.log'[/repr.filename]…
[GPL-0302] Target density 0.6800 is too low for the available free area.
[GRT-0281] Net clk has a large fanout of 3529 terminals.
[GRT-0281] Net u_grouper_soc_top.rst_n_sync has a large fanout of 1595 terminals.
Running 'Odb.WriteVerilogHeader' at 'runs/sdc_falsepath_fix/27-odb-writeverilogheader'…
Logging subprocess to [repr.filename]'runs/sdc_falsepath_fix/27-odb-writeverilogheader/odb-writeverilogheader.log'[/repr.filename]…
Running 'Checker.PowerGridViolations' at 'runs/sdc_falsepath_fix/28-checker-powergridviolations'…
Check for power grid violations (as reported by OpenROAD PSM- you may ignore these if LVS passes) clear.
Running 'OpenROAD.STAMidPNR' at 'runs/sdc_falsepath_fix/29-openroad-stamidpnr'…
Logging subprocess to [repr.filename]'runs/sdc_falsepath_fix/29-openroad-stamidpnr/openroad-stamidpnr.log'[/repr.filename]…
Running 'OpenROAD.RepairDesignPostGPL' at 'runs/sdc_falsepath_fix/30-openroad-repairdesignpostgpl'…
Logging subprocess to [repr.filename]'runs/sdc_falsepath_fix/30-openroad-repairdesignpostgpl/openroad-repairdesignpostgpl.log'[/repr.filename]…
[RSZ-0020] found 2 floating nets.
Running 'Odb.ManualGlobalPlacement' at 'runs/sdc_falsepath_fix/31-odb-manualglobalplacement'…
'MANUAL_GLOBAL_PLACEMENTS' not set. Skipping 'Odb.ManualGlobalPlacement'…
Running 'OpenROAD.DetailedPlacement' at 'runs/sdc_falsepath_fix/32-openroad-detailedplacement'…
Logging subprocess to [repr.filename]'runs/sdc_falsepath_fix/32-openroad-detailedplacement/openroad-detailedplacement.log'[/repr.filename]…
Running 'OpenROAD.CTS' at 'runs/sdc_falsepath_fix/33-openroad-cts'…
Logging subprocess to [repr.filename]'runs/sdc_falsepath_fix/33-openroad-cts/openroad-cts.log'[/repr.filename]…
[CTS-0132] -balance_levels is obsolete.
[CTS-0128] -obstruction_aware is obsolete.
Running 'OpenROAD.STAMidPNR-1' at 'runs/sdc_falsepath_fix/34-openroad-stamidpnr-1'…
Logging subprocess to [repr.filename]'runs/sdc_falsepath_fix/34-openroad-stamidpnr-1/openroad-stamidpnr-1.log'[/repr.filename]…
Running 'OpenROAD.ResizerTimingPostCTS' at 'runs/sdc_falsepath_fix/35-openroad-resizertimingpostcts'…
Logging subprocess to [repr.filename]'runs/sdc_falsepath_fix/35-openroad-resizertimingpostcts/openroad-resizertimingpostcts.log'[/repr.filename]…
Running 'OpenROAD.STAMidPNR-2' at 'runs/sdc_falsepath_fix/36-openroad-stamidpnr-2'…
Logging subprocess to [repr.filename]'runs/sdc_falsepath_fix/36-openroad-stamidpnr-2/openroad-stamidpnr-2.log'[/repr.filename]…
Running 'OpenROAD.GlobalRouting' at 'runs/sdc_falsepath_fix/37-openroad-globalrouting'…
Logging subprocess to [repr.filename]'runs/sdc_falsepath_fix/37-openroad-globalrouting/openroad-globalrouting.log'[/repr.filename]…
Running 'OpenROAD.CheckAntennas' at 'runs/sdc_falsepath_fix/38-openroad-checkantennas'…
Logging subprocess to [repr.filename]'runs/sdc_falsepath_fix/38-openroad-checkantennas/openroad-checkantennas.log'[/repr.filename]…
Gating variable for step 'OpenROAD.RepairDesignPostGRT' set to 'False'- the step will be skipped.
Skipping step 'Repair Design (Post-Global Routing)'…
Running 'Odb.DiodesOnPorts' at 'runs/sdc_falsepath_fix/39-odb-diodesonports'…
Running 'Odb.PortDiodePlacement' at 'runs/sdc_falsepath_fix/39-odb-diodesonports/1-odb-portdiodeplacement'…
Logging subprocess to [repr.filename]'runs/sdc_falsepath_fix/39-odb-diodesonports/1-odb-portdiodeplacement/odb-portdiodeplacement.log'[/repr.filename]…
Running 'OpenROAD.DetailedPlacement' at 'runs/sdc_falsepath_fix/39-odb-diodesonports/2-openroad-detailedplacement'…
Logging subprocess to [repr.filename]'runs/sdc_falsepath_fix/39-odb-diodesonports/2-openroad-detailedplacement/openroad-detailedplacement.log'[/repr.filename]…
Running 'OpenROAD.GlobalRouting' at 'runs/sdc_falsepath_fix/39-odb-diodesonports/3-openroad-globalrouting'…
Logging subprocess to [repr.filename]'runs/sdc_falsepath_fix/39-odb-diodesonports/3-openroad-globalrouting/openroad-globalrouting.log'[/repr.filename]…
Gating variable for step 'Odb.HeuristicDiodeInsertion' set to 'False'- the step will be skipped.
Skipping step 'Heuristic Diode Insertion'…
Running 'OpenROAD.RepairAntennas' at 'runs/sdc_falsepath_fix/40-openroad-repairantennas'…
Running 'OpenROAD.DiodeInsertion' at 'runs/sdc_falsepath_fix/40-openroad-repairantennas/1-openroad-diodeinsertion'…
Logging subprocess to [repr.filename]'runs/sdc_falsepath_fix/40-openroad-repairantennas/1-openroad-diodeinsertion/openroad-diodeinsertion.log'[/repr.filename]…
Running 'OpenROAD.CheckAntennas' at 'runs/sdc_falsepath_fix/40-openroad-repairantennas/2-openroad-checkantennas'…
Logging subprocess to [repr.filename]'runs/sdc_falsepath_fix/40-openroad-repairantennas/2-openroad-checkantennas/openroad-checkantennas.log'[/repr.filename]…
Gating variable for step 'OpenROAD.ResizerTimingPostGRT' set to 'False'- the step will be skipped.
Skipping step 'Resizer Timing Optimizations (Post-Global Routing)'…
Running 'OpenROAD.STAMidPNR-3' at 'runs/sdc_falsepath_fix/41-openroad-stamidpnr-3'…
Logging subprocess to [repr.filename]'runs/sdc_falsepath_fix/41-openroad-stamidpnr-3/openroad-stamidpnr-3.log'[/repr.filename]…
Running 'OpenROAD.DetailedRouting' at 'runs/sdc_falsepath_fix/42-openroad-detailedrouting'…
Running TritonRoute with 24 threads…
Logging subprocess to [repr.filename]'runs/sdc_falsepath_fix/42-openroad-detailedrouting/openroad-detailedrouting.log'[/repr.filename]…
[DRT-0349] LEF58_ENCLOSURE with no CUTCLASS is not supported. Skipping for layer Via1
[DRT-0349] LEF58_ENCLOSURE with no CUTCLASS is not supported. Skipping for layer Via1
[DRT-0349] LEF58_ENCLOSURE with no CUTCLASS is not supported. Skipping for layer Via2
[DRT-0349] LEF58_ENCLOSURE with no CUTCLASS is not supported. Skipping for layer Via2
[DRT-0349] LEF58_ENCLOSURE with no CUTCLASS is not supported. Skipping for layer Via3
[DRT-0349] LEF58_ENCLOSURE with no CUTCLASS is not supported. Skipping for layer Via3
[DRT-0349] LEF58_ENCLOSURE with no CUTCLASS is not supported. Skipping for layer Via4
[DRT-0349] LEF58_ENCLOSURE with no CUTCLASS is not supported. Skipping for layer Via4
Running 'Odb.RemoveRoutingObstructions' at 'runs/sdc_falsepath_fix/43-odb-removeroutingobstructions'…
Logging subprocess to [repr.filename]'runs/sdc_falsepath_fix/43-odb-removeroutingobstructions/odb-removeroutingobstructions.log'[/repr.filename]…
Running 'OpenROAD.CheckAntennas-1' at 'runs/sdc_falsepath_fix/44-openroad-checkantennas-1'…
Logging subprocess to [repr.filename]'runs/sdc_falsepath_fix/44-openroad-checkantennas-1/openroad-checkantennas-1.log'[/repr.filename]…
Running 'Checker.TrDRC' at 'runs/sdc_falsepath_fix/45-checker-trdrc'…
Check for Routing DRC errors clear.
Running 'Odb.ReportDisconnectedPins' at 'runs/sdc_falsepath_fix/46-odb-reportdisconnectedpins'…
Logging subprocess to [repr.filename]'runs/sdc_falsepath_fix/46-odb-reportdisconnectedpins/odb-reportdisconnectedpins.log'[/repr.filename]…
Running 'Checker.DisconnectedPins' at 'runs/sdc_falsepath_fix/47-checker-disconnectedpins'…
Check for critical disconnected pins clear.
Running 'Odb.ReportWireLength' at 'runs/sdc_falsepath_fix/48-odb-reportwirelength'…
Logging subprocess to [repr.filename]'runs/sdc_falsepath_fix/48-odb-reportwirelength/odb-reportwirelength.log'[/repr.filename]…
Running 'Checker.WireLength' at 'runs/sdc_falsepath_fix/49-checker-wirelength'…
Threshold for Threshold-surpassing long wires is not set. The checker will be skipped.
Running 'OpenROAD.FillInsertion' at 'runs/sdc_falsepath_fix/50-openroad-fillinsertion'…
Logging subprocess to [repr.filename]'runs/sdc_falsepath_fix/50-openroad-fillinsertion/openroad-fillinsertion.log'[/repr.filename]…
Running 'Odb.CellFrequencyTables' at 'runs/sdc_falsepath_fix/51-odb-cellfrequencytables'…
Logging subprocess to [repr.filename]'runs/sdc_falsepath_fix/51-odb-cellfrequencytables/buffer_list.txt'[/repr.filename]…
Logging subprocess to [repr.filename]'runs/sdc_falsepath_fix/51-odb-cellfrequencytables/odb-cellfrequencytables.log'[/repr.filename]…
Running 'OpenROAD.RCX' at 'runs/sdc_falsepath_fix/52-openroad-rcx'…
Running RCX for corners matching nom_* (/foss/runs/pnr-5357/grouper/librelane/classic/runs/sdc_falsepath_fix/52-openroad-rcx/nom/rcx.log)…
Running RCX for corners matching min_* (/foss/runs/pnr-5357/grouper/librelane/classic/runs/sdc_falsepath_fix/52-openroad-rcx/min/rcx.log)…
Running RCX for corners matching max_* (/foss/runs/pnr-5357/grouper/librelane/classic/runs/sdc_falsepath_fix/52-openroad-rcx/max/rcx.log)…
Logging subprocess to [repr.filename]'runs/sdc_falsepath_fix/52-openroad-rcx/nom/rcx.log'[/repr.filename]…
Logging subprocess to [repr.filename]'runs/sdc_falsepath_fix/52-openroad-rcx/max/rcx.log'[/repr.filename]…
Logging subprocess to [repr.filename]'runs/sdc_falsepath_fix/52-openroad-rcx/min/rcx.log'[/repr.filename]…
Finished RCX for corners matching nom_*.
Finished RCX for corners matching max_*.
Finished RCX for corners matching min_*.
Running 'OpenROAD.STAPostPNR' at 'runs/sdc_falsepath_fix/53-openroad-stapostpnr'…
Starting STA for the nom_tt_025C_3v30 timing corner…
Starting STA for the min_ff_n40C_3v60 timing corner…
Starting STA for the max_ss_125C_3v00 timing corner…
Logging subprocess to [repr.filename]'runs/sdc_falsepath_fix/53-openroad-stapostpnr/min_ff_n40C_3v60/sta.log'[/repr.filename]…
Logging subprocess to [repr.filename]'runs/sdc_falsepath_fix/53-openroad-stapostpnr/nom_tt_025C_3v30/sta.log'[/repr.filename]…
Logging subprocess to [repr.filename]'runs/sdc_falsepath_fix/53-openroad-stapostpnr/max_ss_125C_3v00/sta.log'[/repr.filename]…
Finished STA for the min_ff_n40C_3v60 timing corner.
Logging subprocess to [repr.filename]'runs/sdc_falsepath_fix/53-openroad-stapostpnr/min_ff_n40C_3v60/filter_unannotated.log'[/repr.filename]…
Finished STA for the max_ss_125C_3v00 timing corner.
Finished STA for the nom_tt_025C_3v30 timing corner.
Logging subprocess to [repr.filename]'runs/sdc_falsepath_fix/53-openroad-stapostpnr/max_ss_125C_3v00/filter_unannotated.log'[/repr.filename]…
Logging subprocess to [repr.filename]'runs/sdc_falsepath_fix/53-openroad-stapostpnr/nom_tt_025C_3v30/filter_unannotated.log'[/repr.filename]…
Running 'OpenROAD.IRDropReport' at 'runs/sdc_falsepath_fix/54-openroad-irdropreport'…
'VSRC_LOC_FILES' was not given a value, which may make the results of IR drop analysis inaccurate. If you are not integrating a top-level chip for manufacture, you may ignore this warning, otherwise, see the documentation for 'VSRC_LOC_FILES'.
Logging subprocess to [repr.filename]'runs/sdc_falsepath_fix/54-openroad-irdropreport/openroad-irdropreport.log'[/repr.filename]…
+ analyze_power_grid -net VDD -voltage_file /foss/runs/pnr-5357/grouper/librelane/classic/runs/sdc_falsepath_fix/54-openroad-irdropreport/net-VDD.csv
[INFO PSM-0040] All shapes on net VDD are connected.
########## IR report #################
Net              : VDD
Corner           : nom_tt_025C_3v30
Total power      : 3.74e-02 W
Supply voltage   : 3.30e+00 V
Worstcase voltage: 3.30e+00 V
Average voltage  : 3.30e+00 V
Average IR drop  : 3.72e-04 V
Worstcase IR drop: 9.60e-04 V
Percentage drop  : 0.03 %
######################################
+ analyze_power_grid -net VSS -voltage_file /foss/runs/pnr-5357/grouper/librelane/classic/runs/sdc_falsepath_fix/54-openroad-irdropreport/net-VSS.csv
[INFO PSM-0040] All shapes on net VSS are connected.
########## IR report #################
Net              : VSS
Corner           : nom_tt_025C_3v30
Total power      : 3.74e-02 W
Supply voltage   : 0.00e+00 V
Worstcase voltage: 7.02e-04 V
Average voltage  : 3.16e-04 V
Average IR drop  : 3.16e-04 V
Worstcase IR drop: 7.02e-04 V
Percentage drop  : 0.02 %
######################################

Running 'Magic.StreamOut' at 'runs/sdc_falsepath_fix/55-magic-streamout'…
Logging subprocess to [repr.filename]'runs/sdc_falsepath_fix/55-magic-streamout/gf180mcu_ocd_ip_sram__sram1024x8m8wm1.get_bbox.log'[/repr.filename]…
Logging subprocess to [repr.filename]'runs/sdc_falsepath_fix/55-magic-streamout/magic-streamout.log'[/repr.filename]…
Running 'KLayout.StreamOut' at 'runs/sdc_falsepath_fix/56-klayout-streamout'…
Logging subprocess to [repr.filename]'runs/sdc_falsepath_fix/56-klayout-streamout/klayout-streamout.log'[/repr.filename]…
Running 'KLayout.Render' at 'runs/sdc_falsepath_fix/57-klayout-render'…
Logging subprocess to [repr.filename]'runs/sdc_falsepath_fix/57-klayout-render/klayout-render.log'[/repr.filename]…
Running 'Magic.WriteLEF' at 'runs/sdc_falsepath_fix/58-magic-writelef'…
Logging subprocess to [repr.filename]'runs/sdc_falsepath_fix/58-magic-writelef/magic-writelef.log'[/repr.filename]…
Running 'Odb.CheckDesignAntennaProperties' at 'runs/sdc_falsepath_fix/59-odb-checkdesignantennaproperties'…
Logging subprocess to [repr.filename]'runs/sdc_falsepath_fix/59-odb-checkdesignantennaproperties/odb-checkdesignantennaproperties.log'[/repr.filename]…
Running 'KLayout.XOR' at 'runs/sdc_falsepath_fix/60-klayout-xor'…
Running XOR with 24 threads…
Logging subprocess to [repr.filename]'runs/sdc_falsepath_fix/60-klayout-xor/klayout-xor.log'[/repr.filename]…
Running 'Checker.XOR' at 'runs/sdc_falsepath_fix/61-checker-xor'…
Check for XOR differences clear.
Running 'Magic.DRC' at 'runs/sdc_falsepath_fix/62-magic-drc'…
Logging subprocess to [repr.filename]'runs/sdc_falsepath_fix/62-magic-drc/magic-drc.log'[/repr.filename]…
Running 'KLayout.DRC' at 'runs/sdc_falsepath_fix/63-klayout-drc'…
KLAYOUT_DRC_RUNSET is unset. KLayout.DRC may not be supported for the gf180mcuD PDK. This step will be skipped.
Running 'Checker.MagicDRC' at 'runs/sdc_falsepath_fix/64-checker-magicdrc'…
Check for Magic DRC errors clear.
Running 'Checker.KLayoutDRC' at 'runs/sdc_falsepath_fix/65-checker-klayoutdrc'…
The KLayout DRC errors metric was not found. Are you sure the relevant step was run?
Running 'Magic.SpiceExtraction' at 'runs/sdc_falsepath_fix/66-magic-spiceextraction'…
Logging subprocess to [repr.filename]'runs/sdc_falsepath_fix/66-magic-spiceextraction/magic-spiceextraction.log'[/repr.filename]…
Running 'Checker.IllegalOverlap' at 'runs/sdc_falsepath_fix/67-checker-illegaloverlap'…
Check for Magic Illegal Overlap errors clear.
Running 'Netgen.LVS' at 'runs/sdc_falsepath_fix/68-netgen-lvs'…
Logging subprocess to [repr.filename]'runs/sdc_falsepath_fix/68-netgen-lvs/netgen-lvs.log'[/repr.filename]…
Running 'Checker.LVS' at 'runs/sdc_falsepath_fix/69-checker-lvs'…
Check for LVS errors clear.
Gating variable for step 'Yosys.EQY' set to 'False'- the step will be skipped.
Skipping step 'Equivalence Check'…
Running 'Checker.SetupViolations' at 'runs/sdc_falsepath_fix/70-checker-setupviolations'…
Setup violations found in the following corners:
* max_ss_125C_3v00
No setup violations found
Running 'Checker.HoldViolations' at 'runs/sdc_falsepath_fix/71-checker-holdviolations'…
No hold violations found
Running 'Checker.MaxSlewViolations' at 'runs/sdc_falsepath_fix/72-checker-maxslewviolations'…
Max Slew violations found in the following corners:
* max_ss_125C_3v00
* min_ff_n40C_3v60
* nom_tt_025C_3v30
No max slew violations found
Running 'Checker.MaxCapViolations' at 'runs/sdc_falsepath_fix/73-checker-maxcapviolations'…
Max Cap violations found in the following corners:
* max_ss_125C_3v00
* min_ff_n40C_3v60
* nom_tt_025C_3v30
No max cap violations found
Running 'Misc.ReportManufacturability' at 'runs/sdc_falsepath_fix/74-misc-reportmanufacturability'…
klayout__drc_error__count not reported. KLayout.DRC may have been skipped.
Saving views to '/foss/runs/pnr-5357/grouper/librelane/classic/runs/sdc_falsepath_fix/final'…
Flow complete.
