Reading timing models for corner nom_tt_025C_3v30…
Reading timing library for the 'nom_tt_025C_3v30' corner at '/foss/pdks/gf180mcuD/libs.ref/gf180mcu_fd_sc_mcu7t5v0/lib/gf180mcu_fd_sc_mcu7t5v0__tt_025C_3v30.lib'…
Reading timing library for the 'nom_tt_025C_3v30' corner at '/foss/runs/pnr-5357/grouper/ip/gf180mcu_ocd_ip_sram/cells/gf180mcu_ocd_ip_sram__sram1024x8m8wm1/gf180mcu_ocd_ip_sram__sram1024x8m8wm1__tt_025C_3v30.lib'…
Reading OpenROAD database at '/foss/runs/pnr-5357/grouper/librelane/classic/runs/sdc_falsepath_fix/46-odb-reportdisconnectedpins/grouper_soc_chip_core.odb'…
Reading design constraints file at '/foss/runs/pnr-5357/grouper/librelane/classic/grouper_chip_core.sdc'…
[INFO] Using clock clk…
[INFO] Setting output delay to: 12.5
[INFO] Setting input delay to: 12.5
[INFO] Setting load to: 0.07291
[INFO] Setting clock uncertainty to: 0.25
[INFO] Setting clock transition to: 0.1499999999999999944488848768742172978818416595458984375
[INFO] Setting timing derate to: 5%
gf180mcu_fd_sc_mcu7t5v0__fillcap_* gf180mcu_fd_sc_mcu7t5v0__fill_*
[INFO DPL-0001] Placed 26026 filler instances.
Setting global connections for newly added cells…
[INFO] Setting global connections...
.*u_sram_macro matched with u_grouper_soc_top.u_grouper_soc_dig_ss.u_ram_ss.gen_macro_ram.gen_sram\[0\].u_wrapper.u_sram_macro
.*u_sram_macro matched with u_grouper_soc_top.u_grouper_soc_dig_ss.u_ram_ss.gen_macro_ram.gen_sram\[1\].u_wrapper.u_sram_macro
.*u_sram_macro matched with u_grouper_soc_top.u_grouper_soc_dig_ss.u_ram_ss.gen_macro_ram.gen_sram\[2\].u_wrapper.u_sram_macro
.*u_sram_macro matched with u_grouper_soc_top.u_grouper_soc_dig_ss.u_ram_ss.gen_macro_ram.gen_sram\[3\].u_wrapper.u_sram_macro
[INFO ODB-0403] 104104 connections made, 0 conflicts skipped.
Updating metrics…
Cell type report:                       Count       Area
  Macro                                     4  621654.21
  Endcap cell                             826    3626.47
  Fill cell                             26026  195601.10
  Tap cell                               7176   31505.51
  Antenna cell                            119     522.46
  Tie cell                                209    1835.19
  Buffer                                  692   22083.71
  Clock buffer                            654   68542.92
  Timing Repair Buffer                   2776   66947.01
  Inverter                               3505   40567.30
  Clock inverter                          253    7529.54
  Sequential cell                        3524  243956.97
  Multi-Input combinational cell        20905  412855.65
  Total                                 66669 1717228.04
Writing OpenROAD database to '/foss/runs/pnr-5357/grouper/librelane/classic/runs/sdc_falsepath_fix/50-openroad-fillinsertion/grouper_soc_chip_core.odb'…
Writing netlist to '/foss/runs/pnr-5357/grouper/librelane/classic/runs/sdc_falsepath_fix/50-openroad-fillinsertion/grouper_soc_chip_core.nl.v'…
Writing powered netlist to '/foss/runs/pnr-5357/grouper/librelane/classic/runs/sdc_falsepath_fix/50-openroad-fillinsertion/grouper_soc_chip_core.pnl.v'…
Writing layout to '/foss/runs/pnr-5357/grouper/librelane/classic/runs/sdc_falsepath_fix/50-openroad-fillinsertion/grouper_soc_chip_core.def'…
Writing timing constraints to '/foss/runs/pnr-5357/grouper/librelane/classic/runs/sdc_falsepath_fix/50-openroad-fillinsertion/grouper_soc_chip_core.sdc'…
