┏━━━━━━━━━━━━━━━━━━━━━━┳━━━━━━━━━━┳━━━━━━━━━━┳━━━━━━━━━━┳━━━━━━━━━━┳━━━━━━━━━━┳━━━━━━━━━━━┳━━━━━━━━━━┳━━━━━━━━━━━┳━━━━━━━━━━┳━━━━━━━━━━━┳━━━━━━━━━━┳━━━━━━━━━━━┓
┃                      ┃ Hold     ┃ Reg to   ┃          ┃          ┃ of which ┃ Setup     ┃ Reg to   ┃           ┃ Setup    ┃ of which  ┃          ┃           ┃
┃                      ┃ Worst    ┃ Reg      ┃          ┃ Hold Vio ┃ reg to   ┃ Worst     ┃ Reg      ┃           ┃ Vio      ┃ reg to    ┃ Max Cap  ┃ Max Slew  ┃
┃ Corner/Group         ┃ Slack    ┃ Paths    ┃ Hold TNS ┃ Count    ┃ reg      ┃ Slack     ┃ Paths    ┃ Setup TNS ┃ Count    ┃ reg       ┃ Violati… ┃ Violatio… ┃
┡━━━━━━━━━━━━━━━━━━━━━━╇━━━━━━━━━━╇━━━━━━━━━━╇━━━━━━━━━━╇━━━━━━━━━━╇━━━━━━━━━━╇━━━━━━━━━━━╇━━━━━━━━━━╇━━━━━━━━━━━╇━━━━━━━━━━╇━━━━━━━━━━━╇━━━━━━━━━━╇━━━━━━━━━━━┩
│ Overall              │ 0.3900   │ 0.3900   │ 0.0000   │ 0        │ 0        │ -20.1044  │ -20.1044 │ -2327.87… │ 244      │ 212       │ 644      │ 7499      │
│ nom_tt_025C_3v30     │ 0.8934   │ 0.8934   │ 0.0000   │ 0        │ 0        │ 18.4990   │ 24.6432  │ 0.0000    │ 0        │ 0         │ 491      │ 571       │
│ min_ff_n40C_3v60     │ 0.3900   │ 0.3900   │ 0.0000   │ 0        │ 0        │ 28.4766   │ 41.1932  │ 0.0000    │ 0        │ 0         │ 365      │ 22        │
│ max_ss_125C_3v00     │ 2.1110   │ 2.1110   │ 0.0000   │ 0        │ 0        │ -20.1044  │ -20.1044 │ -2327.87… │ 244      │ 212       │ 644      │ 7499      │
└──────────────────────┴──────────┴──────────┴──────────┴──────────┴──────────┴───────────┴──────────┴───────────┴──────────┴───────────┴──────────┴───────────┘
