INFO: Preparing sharc:amba_ip:ahb3lite_pkg:0.0.1
INFO: Preparing sharc:common_ip:common:0.0.1
INFO: Preparing sharc:comms_ip:ahb_qspi:0.0.1
INFO: Preparing sharc:comms_ip:ahb_qspi_directed:0.0.1
make: Nothing to be done for 'all'.
     -.--ns INFO     gpi                                ..mbed/gpi_embed.cpp:93   in _embed_init_python              Using Python 3.12.4 interpreter at /home/kiervillasaya/chipathon-2026-grouper/.env/bin/python
     -.--ns INFO     gpi                                ../gpi/GpiCommon.cpp:79   in gpi_print_registered_impl       VPI registered
     0.00ns INFO     cocotb                             Running on Verilator version 5.047 devel
     0.00ns INFO     cocotb                             Seeding Python random module with 1785081809
     0.00ns INFO     cocotb                             Initialized cocotb v2.0.1 from /home/kiervillasaya/chipathon-2026-grouper/.env/lib/python3.12/site-packages/cocotb
     0.00ns INFO     cocotb.regression                  pytest not found, install it to enable better AssertionError messages
     0.00ns INFO     cocotb                             Running tests
     0.00ns INFO     cocotb.regression                  running hw.tb.qspi.test_qspi.test_qspi_reset_and_full_word_registers (1/6)
                                                            Check reset values, full-word storage and reserved-bit behaviour.
   530.00ns INFO     cocotb.regression                  hw.tb.qspi.test_qspi.test_qspi_reset_and_full_word_registers passed
   530.00ns INFO     cocotb.regression                  running hw.tb.qspi.test_qspi.test_qspi_byte_lane_registers (2/6)
                                                            Check byte-aligned fields and reserved byte lanes.
  1250.00ns INFO     cocotb.regression                  hw.tb.qspi.test_qspi.test_qspi_byte_lane_registers passed
  1250.00ns INFO     cocotb.regression                  running hw.tb.qspi.test_qspi.test_qspi_start_errors_w1c_and_irq (3/6)
                                                            Check START semantics, protection, address errors, W1C and IRQ.
  2930.01ns INFO     cocotb.regression                  hw.tb.qspi.test_qspi.test_qspi_start_errors_w1c_and_irq passed
  2930.01ns INFO     cocotb.regression                  running hw.tb.qspi.test_qspi.test_qspi_invalid_ahb_accesses (4/6)
                                                            Check invalid offsets, alignment, sizes and HTRANS=BUSY.
  3260.01ns INFO     cocotb.regression                  hw.tb.qspi.test_qspi.test_qspi_invalid_ahb_accesses passed
  3260.01ns INFO     cocotb.regression                  running hw.tb.qspi.test_qspi.test_qspi_psram_normal_read_waveform (5/6)
                                                            Verify the complete 0x03 + address + response serial transaction.
  3380.01ns WARNING  ..k 11.psram_normal_read_responder Packed objects, either arrays or structs, cannot be indexed.
                                                        Try instead reading the whole value and slicing: `t = handle.value; t[0:3]`.
                                                        If you need to use an element in an Edge Trigger, consider making the array or struct unpacked.
                                                        Alternatively, use `ValueChange` on the whole object and check the bit(s) you care about for changes afterwards.
                                                        Traceback (most recent call last):
                                                          File "/home/kiervillasaya/chipathon-2026-grouper/hw/tb/qspi/test_qspi.py", line 381, in psram_normal_read_responder
                                                            dut.qspi_ce_n_o[0]
                                                            ~~~~~~~~~~~~~~~^^^
                                                          File "/home/kiervillasaya/chipathon-2026-grouper/.env/lib/python3.12/site-packages/cocotb/handle.py", line 1387, in __getitem__
                                                            raise TypeError(
                                                        TypeError: Packed objects, either arrays or structs, cannot be indexed.
                                                        Try instead reading the whole value and slicing: `t = handle.value; t[0:3]`.
                                                        If you need to use an element in an Edge Trigger, consider making the array or struct unpacked.
                                                        Alternatively, use `ValueChange` on the whole object and check the bit(s) you care about for changes afterwards.
  3380.01ns WARNING  cocotb.regression                  hw.tb.qspi.test_qspi.test_qspi_psram_normal_read_waveform failed
  3380.01ns INFO     cocotb.regression                  running hw.tb.qspi.test_qspi.test_qspi_unsupported_request_keeps_pins_inactive (6/6)
                                                            Reject unsupported quad operation without external bus activity.
  3680.01ns INFO     cocotb.regression                  hw.tb.qspi.test_qspi.test_qspi_unsupported_request_keeps_pins_inactive passed
  3680.01ns INFO     cocotb.regression                  ********************************************************************************************************************************
                                                        ** TEST                                                                    STATUS  SIM TIME (ns)  REAL TIME (s)  RATIO (ns/s) **
                                                        ********************************************************************************************************************************
                                                        ** hw.tb.qspi.test_qspi.test_qspi_reset_and_full_word_registers             PASS         530.00           0.01      62728.86  **
                                                        ** hw.tb.qspi.test_qspi.test_qspi_byte_lane_registers                       PASS         720.00           0.01      95763.53  **
                                                        ** hw.tb.qspi.test_qspi.test_qspi_start_errors_w1c_and_irq                  PASS        1680.00           0.02      97633.92  **
                                                        ** hw.tb.qspi.test_qspi.test_qspi_invalid_ahb_accesses                      PASS         330.00           0.00     151237.38  **
                                                        ** hw.tb.qspi.test_qspi.test_qspi_psram_normal_read_waveform                FAIL         120.00           0.00      59798.11  **
                                                        ** hw.tb.qspi.test_qspi.test_qspi_unsupported_request_keeps_pins_inactive   PASS         300.00           0.00     118718.31  **
                                                        ********************************************************************************************************************************
                                                        ** TESTS=6 PASS=5 FAIL=1 SKIP=0                                                         3680.01           0.06      61587.60  **
                                                        ********************************************************************************************************************************
- :0: Verilog $finish
Entering directory '/home/kiervillasaya/chipathon-2026-grouper/build/sharc_comms_ip_ahb_qspi_directed_0.0.1/default'
Leaving directory '/home/kiervillasaya/chipathon-2026-grouper/build/sharc_comms_ip_ahb_qspi_directed_0.0.1/default'
Entering directory '/home/kiervillasaya/chipathon-2026-grouper/build/sharc_comms_ip_ahb_qspi_directed_0.0.1/default'
Leaving directory '/home/kiervillasaya/chipathon-2026-grouper/build/sharc_comms_ip_ahb_qspi_directed_0.0.1/default'
