Reading timing models for corner nom_tt_025C_3v30…
Reading timing library for the 'nom_tt_025C_3v30' corner at '/foss/pdks/gf180mcuD/libs.ref/gf180mcu_fd_sc_mcu7t5v0/lib/gf180mcu_fd_sc_mcu7t5v0__tt_025C_3v30.lib'…
Reading timing library for the 'nom_tt_025C_3v30' corner at '/foss/runs/pnr-5311/grouper/ip/gf180mcu_ocd_ip_sram/cells/gf180mcu_ocd_ip_sram__sram1024x8m8wm1/gf180mcu_ocd_ip_sram__sram1024x8m8wm1__tt_025C_3v30.lib'…
Reading OpenROAD database at '/foss/runs/pnr-5311/grouper/librelane/classic/runs/fix_gds_size_silver_rtl/46-odb-reportdisconnectedpins/grouper_soc_chip_core.odb'…
Reading design constraints file at '/foss/runs/pnr-5311/grouper/librelane/classic/grouper_chip_core.sdc'…
[INFO] Using clock clk…
[INFO] Setting output delay to: 12.5
[INFO] Setting input delay to: 12.5
[INFO] Setting load to: 0.07291
[INFO] Setting clock uncertainty to: 0.25
[INFO] Setting clock transition to: 0.1499999999999999944488848768742172978818416595458984375
[INFO] Setting timing derate to: 5%
gf180mcu_fd_sc_mcu7t5v0__fillcap_* gf180mcu_fd_sc_mcu7t5v0__fill_*
[INFO DPL-0001] Placed 27588 filler instances.
Setting global connections for newly added cells…
[INFO] Setting global connections...
.*u_sram_macro matched with u_grouper_soc_top.u_grouper_soc_dig_ss.u_ram_ss.gen_macro_ram.gen_sram\[0\].u_wrapper.u_sram_macro
.*u_sram_macro matched with u_grouper_soc_top.u_grouper_soc_dig_ss.u_ram_ss.gen_macro_ram.gen_sram\[1\].u_wrapper.u_sram_macro
.*u_sram_macro matched with u_grouper_soc_top.u_grouper_soc_dig_ss.u_ram_ss.gen_macro_ram.gen_sram\[2\].u_wrapper.u_sram_macro
.*u_sram_macro matched with u_grouper_soc_top.u_grouper_soc_dig_ss.u_ram_ss.gen_macro_ram.gen_sram\[3\].u_wrapper.u_sram_macro
[INFO ODB-0403] 110352 connections made, 0 conflicts skipped.
Updating metrics…
Cell type report:                       Count       Area
  Macro                                     4  621654.21
  Endcap cell                             820    3600.13
  Fill cell                             27588  220415.64
  Tap cell                               7050   30952.32
  Antenna cell                            282    1238.09
  Tie cell                                209    1835.19
  Buffer                                  693   18997.26
  Clock buffer                            657   68608.78
  Timing Repair Buffer                   1140   38165.75
  Inverter                               3460   38991.14
  Clock inverter                          254    8293.47
  Sequential cell                        3524  242249.10
  Multi-Input combinational cell        20901  402687.49
  Total                                 66582 1697688.57
Writing OpenROAD database to '/foss/runs/pnr-5311/grouper/librelane/classic/runs/fix_gds_size_silver_rtl/50-openroad-fillinsertion/grouper_soc_chip_core.odb'…
Writing netlist to '/foss/runs/pnr-5311/grouper/librelane/classic/runs/fix_gds_size_silver_rtl/50-openroad-fillinsertion/grouper_soc_chip_core.nl.v'…
Writing powered netlist to '/foss/runs/pnr-5311/grouper/librelane/classic/runs/fix_gds_size_silver_rtl/50-openroad-fillinsertion/grouper_soc_chip_core.pnl.v'…
Writing layout to '/foss/runs/pnr-5311/grouper/librelane/classic/runs/fix_gds_size_silver_rtl/50-openroad-fillinsertion/grouper_soc_chip_core.def'…
Writing timing constraints to '/foss/runs/pnr-5311/grouper/librelane/classic/runs/fix_gds_size_silver_rtl/50-openroad-fillinsertion/grouper_soc_chip_core.sdc'…
