Reading timing models for corner nom_tt_025C_3v30…
Reading timing library for the 'nom_tt_025C_3v30' corner at '/foss/pdks/gf180mcuD/libs.ref/gf180mcu_fd_sc_mcu7t5v0/lib/gf180mcu_fd_sc_mcu7t5v0__tt_025C_3v30.lib'…
Reading timing library for the 'nom_tt_025C_3v30' corner at '/foss/runs/pnr-5311/grouper/ip/gf180mcu_ocd_ip_sram/cells/gf180mcu_ocd_ip_sram__sram1024x8m8wm1/gf180mcu_ocd_ip_sram__sram1024x8m8wm1__tt_025C_3v30.lib'…
Reading OpenROAD database at '/foss/runs/pnr-5311/grouper/librelane/classic/runs/fix_gds_size_silver_rtl/17-openroad-tapendcapinsertion/grouper_soc_chip_core.odb'…
Reading design constraints file at '/foss/runs/pnr-5311/grouper/librelane/classic/grouper_chip_core.sdc'…
[INFO] Using clock clk…
[INFO] Setting output delay to: 12.5
[INFO] Setting input delay to: 12.5
[INFO] Setting load to: 0.07291
[INFO] Setting clock uncertainty to: 0.25
[INFO] Setting clock transition to: 0.1499999999999999944488848768742172978818416595458984375
[INFO] Setting timing derate to: 5%
[INFO] Setting global connections...
.*u_sram_macro matched with u_grouper_soc_top.u_grouper_soc_dig_ss.u_ram_ss.gen_macro_ram.gen_sram\[0\].u_wrapper.u_sram_macro
.*u_sram_macro matched with u_grouper_soc_top.u_grouper_soc_dig_ss.u_ram_ss.gen_macro_ram.gen_sram\[1\].u_wrapper.u_sram_macro
.*u_sram_macro matched with u_grouper_soc_top.u_grouper_soc_dig_ss.u_ram_ss.gen_macro_ram.gen_sram\[2\].u_wrapper.u_sram_macro
.*u_sram_macro matched with u_grouper_soc_top.u_grouper_soc_dig_ss.u_ram_ss.gen_macro_ram.gen_sram\[3\].u_wrapper.u_sram_macro
[INFO ODB-0403] 0 connections made, 0 conflicts skipped.
+ pdngen 
[INFO PDN-0001] Inserting grid: stdcell_grid
[INFO PDN-0001] Inserting grid: sram_grid - u_grouper_soc_top.u_grouper_soc_dig_ss.u_ram_ss.gen_macro_ram.gen_sram\[0\].u_wrapper.u_sram_macro
[INFO PDN-0001] Inserting grid: sram_grid - u_grouper_soc_top.u_grouper_soc_dig_ss.u_ram_ss.gen_macro_ram.gen_sram\[1\].u_wrapper.u_sram_macro
[INFO PDN-0001] Inserting grid: sram_grid - u_grouper_soc_top.u_grouper_soc_dig_ss.u_ram_ss.gen_macro_ram.gen_sram\[2\].u_wrapper.u_sram_macro
[INFO PDN-0001] Inserting grid: sram_grid - u_grouper_soc_top.u_grouper_soc_dig_ss.u_ram_ss.gen_macro_ram.gen_sram\[3\].u_wrapper.u_sram_macro
[WARNING PDN-0110] No via inserted between Metal3 and Metal4 at (200.7600, 202.8000) - (205.8000, 203.0000) on VDD
[WARNING PDN-0110] No via inserted between Metal3 and Metal4 at (561.4000, 202.8000) - (566.4400, 203.0000) on VDD
[WARNING PDN-0110] No via inserted between Metal3 and Metal4 at (922.0400, 202.8000) - (927.0800, 203.0000) on VDD
Setting global connections for newly added cells…
[INFO] Setting global connections...
.*u_sram_macro matched with u_grouper_soc_top.u_grouper_soc_dig_ss.u_ram_ss.gen_macro_ram.gen_sram\[0\].u_wrapper.u_sram_macro
.*u_sram_macro matched with u_grouper_soc_top.u_grouper_soc_dig_ss.u_ram_ss.gen_macro_ram.gen_sram\[1\].u_wrapper.u_sram_macro
.*u_sram_macro matched with u_grouper_soc_top.u_grouper_soc_dig_ss.u_ram_ss.gen_macro_ram.gen_sram\[2\].u_wrapper.u_sram_macro
.*u_sram_macro matched with u_grouper_soc_top.u_grouper_soc_dig_ss.u_ram_ss.gen_macro_ram.gen_sram\[3\].u_wrapper.u_sram_macro
[INFO ODB-0403] 0 connections made, 0 conflicts skipped.
Updating metrics…
Cell type report:                       Count       Area
  Macro                                     4  621654.21
  Endcap cell                             820    3600.13
  Tap cell                               7050   30952.32
  Tie cell                                169    1483.96
  Buffer                                  693   18755.79
  Inverter                               3460   38977.97
  Sequential cell                        3524  242209.59
  Multi-Input combinational cell        20901  402397.72
  Total                                 36621 1360031.68
Writing OpenROAD database to '/foss/runs/pnr-5311/grouper/librelane/classic/runs/fix_gds_size_silver_rtl/19-openroad-generatepdn/grouper_soc_chip_core.odb'…
Writing netlist to '/foss/runs/pnr-5311/grouper/librelane/classic/runs/fix_gds_size_silver_rtl/19-openroad-generatepdn/grouper_soc_chip_core.nl.v'…
Writing powered netlist to '/foss/runs/pnr-5311/grouper/librelane/classic/runs/fix_gds_size_silver_rtl/19-openroad-generatepdn/grouper_soc_chip_core.pnl.v'…
Writing layout to '/foss/runs/pnr-5311/grouper/librelane/classic/runs/fix_gds_size_silver_rtl/19-openroad-generatepdn/grouper_soc_chip_core.def'…
Writing timing constraints to '/foss/runs/pnr-5311/grouper/librelane/classic/runs/fix_gds_size_silver_rtl/19-openroad-generatepdn/grouper_soc_chip_core.sdc'…
[INFO PSM-0040] All shapes on net VDD are connected.
[INFO PSM-0040] All shapes on net VSS are connected.
